// Jest Snapshot v1, https://goo.gl/fbAQLP

exports[`Test for home page Quote page should render correctly 1`] = `
<div
  className="field   "
  id="field"
  onClick={[Function]}
  onKeyDown={[Function]}
  role="button"
  tabIndex={0}
/>
`;
