// Jest Snapshot v1, https://goo.gl/fbAQLP

exports[`Test for navbar inside the router Navbar should render correctly 1`] = `
<nav
  className="navBar"
>
  <h1>
     Math Magicians 
  </h1>
  <ul>
    <li>
      <a
        href="/"
        onClick={[Function]}
      >
        Home
         
        |
      </a>
    </li>
    <li>
      <a
        href="/calc"
        onClick={[Function]}
      >
        Calculator
         
        |
      </a>
    </li>
    <li>
      <a
        href="/quote"
        onClick={[Function]}
      >
        Quote
         
      </a>
    </li>
  </ul>
</nav>
`;
